// Jest Snapshot v1, https://goo.gl/fbAQLP

exports[`NewCardForm that it matches an existing snapshot 1`] = `
ShallowWrapper {
  Symbol(enzyme.__root__): [Circular],
  Symbol(enzyme.__unrendered__): <NewCardForm
    addCardCallback={[Function]}
  />,
  Symbol(enzyme.__renderer__): Object {
    "batchedUpdates": [Function],
    "getNode": [Function],
    "render": [Function],
    "simulateError": [Function],
    "simulateEvent": [Function],
    "unmount": [Function],
  },
  Symbol(enzyme.__node__): Object {
    "instance": null,
    "key": undefined,
    "nodeType": "host",
    "props": Object {
      "children": Array [
        <h2>
          Add a Card
        </h2>,
        <form
          className="new-card-form__body"
          name="new-card-form"
          onSubmit={[Function]}
        >
          <div>
            <textarea
              name="text"
              onChange={[Function]}
              value=""
            />
          </div>
          <div>
            <label
              htmlFor="emoji"
            >
              Emoji: 
            </label>
            <select
              name="emoji"
              onChange={[Function]}
              placeholder="emoji"
              value=""
            >
              <option
                value=""
              />
              <option
                value="heart_eyes"
              >
                😍
              </option>
              <option
                value="beer"
              >
                🍺
              </option>
              <option
                value="clap"
              >
                👏
              </option>
              <option
                value="sparkling_heart"
              >
                💖
              </option>
              <option
                value="heart_eyes_cat"
              >
                😻
              </option>
              <option
                value="dog"
              >
                🐶
              </option>
            </select>
          </div>
          <input
            className="new-card-form__form-button"
            name="submit"
            type="submit"
            value="Add Card"
          />
        </form>,
      ],
      "className": "card new-card-form",
    },
    "ref": null,
    "rendered": Array [
      Object {
        "instance": null,
        "key": undefined,
        "nodeType": "host",
        "props": Object {
          "children": "Add a Card",
        },
        "ref": null,
        "rendered": "Add a Card",
        "type": "h2",
      },
      Object {
        "instance": null,
        "key": undefined,
        "nodeType": "host",
        "props": Object {
          "children": Array [
            <div>
              <textarea
                name="text"
                onChange={[Function]}
                value=""
              />
            </div>,
            <div>
              <label
                htmlFor="emoji"
              >
                Emoji: 
              </label>
              <select
                name="emoji"
                onChange={[Function]}
                placeholder="emoji"
                value=""
              >
                <option
                  value=""
                />
                <option
                  value="heart_eyes"
                >
                  😍
                </option>
                <option
                  value="beer"
                >
                  🍺
                </option>
                <option
                  value="clap"
                >
                  👏
                </option>
                <option
                  value="sparkling_heart"
                >
                  💖
                </option>
                <option
                  value="heart_eyes_cat"
                >
                  😻
                </option>
                <option
                  value="dog"
                >
                  🐶
                </option>
              </select>
            </div>,
            <input
              className="new-card-form__form-button"
              name="submit"
              type="submit"
              value="Add Card"
            />,
          ],
          "className": "new-card-form__body",
          "name": "new-card-form",
          "onSubmit": [Function],
        },
        "ref": null,
        "rendered": Array [
          Object {
            "instance": null,
            "key": undefined,
            "nodeType": "host",
            "props": Object {
              "children": <textarea
                name="text"
                onChange={[Function]}
                value=""
              />,
            },
            "ref": null,
            "rendered": Object {
              "instance": null,
              "key": undefined,
              "nodeType": "host",
              "props": Object {
                "name": "text",
                "onChange": [Function],
                "value": "",
              },
              "ref": null,
              "rendered": null,
              "type": "textarea",
            },
            "type": "div",
          },
          Object {
            "instance": null,
            "key": undefined,
            "nodeType": "host",
            "props": Object {
              "children": Array [
                <label
                  htmlFor="emoji"
                >
                  Emoji: 
                </label>,
                <select
                  name="emoji"
                  onChange={[Function]}
                  placeholder="emoji"
                  value=""
                >
                  <option
                    value=""
                  />
                  <option
                    value="heart_eyes"
                  >
                    😍
                  </option>
                  <option
                    value="beer"
                  >
                    🍺
                  </option>
                  <option
                    value="clap"
                  >
                    👏
                  </option>
                  <option
                    value="sparkling_heart"
                  >
                    💖
                  </option>
                  <option
                    value="heart_eyes_cat"
                  >
                    😻
                  </option>
                  <option
                    value="dog"
                  >
                    🐶
                  </option>
                </select>,
              ],
            },
            "ref": null,
            "rendered": Array [
              Object {
                "instance": null,
                "key": undefined,
                "nodeType": "host",
                "props": Object {
                  "children": "Emoji: ",
                  "htmlFor": "emoji",
                },
                "ref": null,
                "rendered": "Emoji: ",
                "type": "label",
              },
              Object {
                "instance": null,
                "key": undefined,
                "nodeType": "host",
                "props": Object {
                  "children": Array [
                    <option
                      value=""
                    />,
                    <option
                      value="heart_eyes"
                    >
                      😍
                    </option>,
                    <option
                      value="beer"
                    >
                      🍺
                    </option>,
                    <option
                      value="clap"
                    >
                      👏
                    </option>,
                    <option
                      value="sparkling_heart"
                    >
                      💖
                    </option>,
                    <option
                      value="heart_eyes_cat"
                    >
                      😻
                    </option>,
                    <option
                      value="dog"
                    >
                      🐶
                    </option>,
                  ],
                  "name": "emoji",
                  "onChange": [Function],
                  "placeholder": "emoji",
                  "value": "",
                },
                "ref": null,
                "rendered": Array [
                  Object {
                    "instance": null,
                    "key": "0",
                    "nodeType": "host",
                    "props": Object {
                      "children": undefined,
                      "value": "",
                    },
                    "ref": null,
                    "rendered": null,
                    "type": "option",
                  },
                  Object {
                    "instance": null,
                    "key": "1",
                    "nodeType": "host",
                    "props": Object {
                      "children": "😍",
                      "value": "heart_eyes",
                    },
                    "ref": null,
                    "rendered": "😍",
                    "type": "option",
                  },
                  Object {
                    "instance": null,
                    "key": "2",
                    "nodeType": "host",
                    "props": Object {
                      "children": "🍺",
                      "value": "beer",
                    },
                    "ref": null,
                    "rendered": "🍺",
                    "type": "option",
                  },
                  Object {
                    "instance": null,
                    "key": "3",
                    "nodeType": "host",
                    "props": Object {
                      "children": "👏",
                      "value": "clap",
                    },
                    "ref": null,
                    "rendered": "👏",
                    "type": "option",
                  },
                  Object {
                    "instance": null,
                    "key": "4",
                    "nodeType": "host",
                    "props": Object {
                      "children": "💖",
                      "value": "sparkling_heart",
                    },
                    "ref": null,
                    "rendered": "💖",
                    "type": "option",
                  },
                  Object {
                    "instance": null,
                    "key": "5",
                    "nodeType": "host",
                    "props": Object {
                      "children": "😻",
                      "value": "heart_eyes_cat",
                    },
                    "ref": null,
                    "rendered": "😻",
                    "type": "option",
                  },
                  Object {
                    "instance": null,
                    "key": "6",
                    "nodeType": "host",
                    "props": Object {
                      "children": "🐶",
                      "value": "dog",
                    },
                    "ref": null,
                    "rendered": "🐶",
                    "type": "option",
                  },
                ],
                "type": "select",
              },
            ],
            "type": "div",
          },
          Object {
            "instance": null,
            "key": undefined,
            "nodeType": "host",
            "props": Object {
              "className": "new-card-form__form-button",
              "name": "submit",
              "type": "submit",
              "value": "Add Card",
            },
            "ref": null,
            "rendered": null,
            "type": "input",
          },
        ],
        "type": "form",
      },
    ],
    "type": "section",
  },
  Symbol(enzyme.__nodes__): Array [
    Object {
      "instance": null,
      "key": undefined,
      "nodeType": "host",
      "props": Object {
        "children": Array [
          <h2>
            Add a Card
          </h2>,
          <form
            className="new-card-form__body"
            name="new-card-form"
            onSubmit={[Function]}
          >
            <div>
              <textarea
                name="text"
                onChange={[Function]}
                value=""
              />
            </div>
            <div>
              <label
                htmlFor="emoji"
              >
                Emoji: 
              </label>
              <select
                name="emoji"
                onChange={[Function]}
                placeholder="emoji"
                value=""
              >
                <option
                  value=""
                />
                <option
                  value="heart_eyes"
                >
                  😍
                </option>
                <option
                  value="beer"
                >
                  🍺
                </option>
                <option
                  value="clap"
                >
                  👏
                </option>
                <option
                  value="sparkling_heart"
                >
                  💖
                </option>
                <option
                  value="heart_eyes_cat"
                >
                  😻
                </option>
                <option
                  value="dog"
                >
                  🐶
                </option>
              </select>
            </div>
            <input
              className="new-card-form__form-button"
              name="submit"
              type="submit"
              value="Add Card"
            />
          </form>,
        ],
        "className": "card new-card-form",
      },
      "ref": null,
      "rendered": Array [
        Object {
          "instance": null,
          "key": undefined,
          "nodeType": "host",
          "props": Object {
            "children": "Add a Card",
          },
          "ref": null,
          "rendered": "Add a Card",
          "type": "h2",
        },
        Object {
          "instance": null,
          "key": undefined,
          "nodeType": "host",
          "props": Object {
            "children": Array [
              <div>
                <textarea
                  name="text"
                  onChange={[Function]}
                  value=""
                />
              </div>,
              <div>
                <label
                  htmlFor="emoji"
                >
                  Emoji: 
                </label>
                <select
                  name="emoji"
                  onChange={[Function]}
                  placeholder="emoji"
                  value=""
                >
                  <option
                    value=""
                  />
                  <option
                    value="heart_eyes"
                  >
                    😍
                  </option>
                  <option
                    value="beer"
                  >
                    🍺
                  </option>
                  <option
                    value="clap"
                  >
                    👏
                  </option>
                  <option
                    value="sparkling_heart"
                  >
                    💖
                  </option>
                  <option
                    value="heart_eyes_cat"
                  >
                    😻
                  </option>
                  <option
                    value="dog"
                  >
                    🐶
                  </option>
                </select>
              </div>,
              <input
                className="new-card-form__form-button"
                name="submit"
                type="submit"
                value="Add Card"
              />,
            ],
            "className": "new-card-form__body",
            "name": "new-card-form",
            "onSubmit": [Function],
          },
          "ref": null,
          "rendered": Array [
            Object {
              "instance": null,
              "key": undefined,
              "nodeType": "host",
              "props": Object {
                "children": <textarea
                  name="text"
                  onChange={[Function]}
                  value=""
                />,
              },
              "ref": null,
              "rendered": Object {
                "instance": null,
                "key": undefined,
                "nodeType": "host",
                "props": Object {
                  "name": "text",
                  "onChange": [Function],
                  "value": "",
                },
                "ref": null,
                "rendered": null,
                "type": "textarea",
              },
              "type": "div",
            },
            Object {
              "instance": null,
              "key": undefined,
              "nodeType": "host",
              "props": Object {
                "children": Array [
                  <label
                    htmlFor="emoji"
                  >
                    Emoji: 
                  </label>,
                  <select
                    name="emoji"
                    onChange={[Function]}
                    placeholder="emoji"
                    value=""
                  >
                    <option
                      value=""
                    />
                    <option
                      value="heart_eyes"
                    >
                      😍
                    </option>
                    <option
                      value="beer"
                    >
                      🍺
                    </option>
                    <option
                      value="clap"
                    >
                      👏
                    </option>
                    <option
                      value="sparkling_heart"
                    >
                      💖
                    </option>
                    <option
                      value="heart_eyes_cat"
                    >
                      😻
                    </option>
                    <option
                      value="dog"
                    >
                      🐶
                    </option>
                  </select>,
                ],
              },
              "ref": null,
              "rendered": Array [
                Object {
                  "instance": null,
                  "key": undefined,
                  "nodeType": "host",
                  "props": Object {
                    "children": "Emoji: ",
                    "htmlFor": "emoji",
                  },
                  "ref": null,
                  "rendered": "Emoji: ",
                  "type": "label",
                },
                Object {
                  "instance": null,
                  "key": undefined,
                  "nodeType": "host",
                  "props": Object {
                    "children": Array [
                      <option
                        value=""
                      />,
                      <option
                        value="heart_eyes"
                      >
                        😍
                      </option>,
                      <option
                        value="beer"
                      >
                        🍺
                      </option>,
                      <option
                        value="clap"
                      >
                        👏
                      </option>,
                      <option
                        value="sparkling_heart"
                      >
                        💖
                      </option>,
                      <option
                        value="heart_eyes_cat"
                      >
                        😻
                      </option>,
                      <option
                        value="dog"
                      >
                        🐶
                      </option>,
                    ],
                    "name": "emoji",
                    "onChange": [Function],
                    "placeholder": "emoji",
                    "value": "",
                  },
                  "ref": null,
                  "rendered": Array [
                    Object {
                      "instance": null,
                      "key": "0",
                      "nodeType": "host",
                      "props": Object {
                        "children": undefined,
                        "value": "",
                      },
                      "ref": null,
                      "rendered": null,
                      "type": "option",
                    },
                    Object {
                      "instance": null,
                      "key": "1",
                      "nodeType": "host",
                      "props": Object {
                        "children": "😍",
                        "value": "heart_eyes",
                      },
                      "ref": null,
                      "rendered": "😍",
                      "type": "option",
                    },
                    Object {
                      "instance": null,
                      "key": "2",
                      "nodeType": "host",
                      "props": Object {
                        "children": "🍺",
                        "value": "beer",
                      },
                      "ref": null,
                      "rendered": "🍺",
                      "type": "option",
                    },
                    Object {
                      "instance": null,
                      "key": "3",
                      "nodeType": "host",
                      "props": Object {
                        "children": "👏",
                        "value": "clap",
                      },
                      "ref": null,
                      "rendered": "👏",
                      "type": "option",
                    },
                    Object {
                      "instance": null,
                      "key": "4",
                      "nodeType": "host",
                      "props": Object {
                        "children": "💖",
                        "value": "sparkling_heart",
                      },
                      "ref": null,
                      "rendered": "💖",
                      "type": "option",
                    },
                    Object {
                      "instance": null,
                      "key": "5",
                      "nodeType": "host",
                      "props": Object {
                        "children": "😻",
                        "value": "heart_eyes_cat",
                      },
                      "ref": null,
                      "rendered": "😻",
                      "type": "option",
                    },
                    Object {
                      "instance": null,
                      "key": "6",
                      "nodeType": "host",
                      "props": Object {
                        "children": "🐶",
                        "value": "dog",
                      },
                      "ref": null,
                      "rendered": "🐶",
                      "type": "option",
                    },
                  ],
                  "type": "select",
                },
              ],
              "type": "div",
            },
            Object {
              "instance": null,
              "key": undefined,
              "nodeType": "host",
              "props": Object {
                "className": "new-card-form__form-button",
                "name": "submit",
                "type": "submit",
                "value": "Add Card",
              },
              "ref": null,
              "rendered": null,
              "type": "input",
            },
          ],
          "type": "form",
        },
      ],
      "type": "section",
    },
  ],
  Symbol(enzyme.__options__): Object {
    "adapter": ReactSixteenAdapter {
      "options": Object {
        "enableComponentDidUpdateOnSetState": true,
        "lifecycles": Object {
          "componentDidUpdate": Object {
            "onSetState": true,
          },
          "getDerivedStateFromProps": true,
          "getSnapshotBeforeUpdate": true,
          "setState": Object {
            "skipsComponentDidUpdateOnNullish": true,
          },
        },
      },
    },
  },
}
`;
